// Jest Snapshot v1, https://goo.gl/fbAQLP

exports[`MovieDetailsView component should render MovieDetailsView component 1`] = `
<div
  className="movie-details"
>
  <Poster
    classes="movie-details_poster"
  />
  <div
    className="movie-details_details"
  >
    <h2
      className="movie-details_title"
    />
    <span
      className="movie-details_vote"
    />
    <p>
      <span
        className="movie-details_date"
      >
        NaN
      </span>
      <span
        className="movie-details_runtime"
      >
         min
      </span>
    </p>
    <p
      className="movie-details_overview"
    />
  </div>
</div>
`;
