// Jest Snapshot v1, https://goo.gl/fbAQLP

exports[`MoviesList component should render MoviesList component 1`] = `
<div
  className="movie-list"
>
  <Movie
    data={
      Object {
        "genres": Array [
          "test genre1",
          "test genre2",
        ],
        "id": 1,
        "overview": "test overview",
        "poster_path": "test poster",
        "release_date": "2017-12-13",
        "runtime": 1,
        "title": "test title",
        "vote_average": 1,
      }
    }
    key="1"
  />
  <Movie
    data={
      Object {
        "genres": Array [
          "test genre1",
          "test genre2",
        ],
        "id": 2,
        "overview": "test overview2",
        "poster_path": "test poster2",
        "release_date": "2017-12-13",
        "runtime": 1,
        "title": "test title2",
        "vote_average": 2,
      }
    }
    key="2"
  />
</div>
`;
